// Jest Snapshot v1, https://goo.gl/fbAQLP

exports[`Searchbox component renders correctly 1`] = `ShallowWrapper {}`;
